
> frontend@0.1.0 test
> react-scripts test

node.exe : FAIL 
src/App.test.js
At C:\Users\geeth\AppData\Roam
ing\npm\npm.ps1:24 char:5
+     & "node$exe"  "$basedir/
node_modules/npm/bin/npm-cli.j
s" $args
+     ~~~~~~~~~~~~~~~~~~~~~~~~
~~~~~~~~~~~~~~~~~~~~~~~~~~~~~~
~~~~~~~~
    + CategoryInfo          : 
NotS    pecified: (FAIL 
src/App.test.j    s:String) 
[], RemoteException
    + FullyQualifiedErrorId : 
Nati    veCommandError
 
  ΓùÅ Test suite failed to run

    Cannot find module 
'react-router-dom' from 
'src/App.js'

    Require stack:
      src/App.js
      src/App.test.js

    [0m [90m 1 |[39m 
[36mimport[39m 
[33mReact[39m 
[36mfrom[39m 
[32m'react'[39m[33m;[39m
    [31m[1m>[22m[39m[90m 
2 |[39m [36mimport[39m { 
[33mBrowserRouter[39m 
[36mas[39m 
[33mRouter[39m[33m,[39m 
[33mRoute[39m[33m,[39m 
[33mRoutes[39m } 
[36mfrom[39m [32m'react-rou
ter-dom'[39m[33m;[39m
     [90m   |[39m 
[31m[1m^[22m[39m
     [90m 3 |[39m 
[36mimport[39m 
[33mHome[39m [36mfrom[39m 
[32m'./pages/Home'[39m[33m;
[39m
     [90m 4 |[39m 
[36mimport[39m 
[33mLogin[39m 
[36mfrom[39m [32m'./pages/L
ogin'[39m[33m;[39m
     [90m 5 |[39m 
[36mimport[39m 
[33mRegister[39m 
[36mfrom[39m [32m'./pages/R
egister'[39m[33m;[39m[0m

      at 
Resolver.resolveModule (node_m
odules/jest-resolve/build/reso
lver.js:324:11)
      at Object.<anonymous> 
(src/App.js:2:1)
      at Object.<anonymous> 
(src/App.test.js:4:1)
      at 
TestScheduler.scheduleTests (n
ode_modules/@jest/core/build/T
estScheduler.js:333:13)
      at runJest (node_modules
/@jest/core/build/runJest.js:4
04:19)
      at _run10000 (node_modul
es/@jest/core/build/cli/index.
js:320:7)
      at runCLI (node_modules/
@jest/core/build/cli/index.js:
173:3)

Test Suites: 1 failed, 1 total
Tests:       0 total
Snapshots:   0 total
Time:        2.091 s
Ran all test suites.
